../Core/Src/main.c:26:5:main	8	static
../Core/Src/main.c:36:6:USART2_IRQHandler	16	static
../Core/Src/main.c:68:6:TurretUp	4	static
../Core/Src/main.c:72:6:TurretDown	4	static
../Core/Src/main.c:76:6:TurretLeft	4	static
../Core/Src/main.c:80:6:TurretRight	4	static
../Core/Src/main.c:84:6:TurretUpDownDoNothing	4	static
../Core/Src/main.c:87:6:TurretLeftRightDoNothing	4	static
../Core/Src/main.c:90:6:TurretFire	4	static
../Core/Src/main.c:93:6:TurretFireDoNothing	4	static
../Core/Src/main.c:97:6:TurretMotors_Config	4	static
../Core/Src/main.c:167:6:USART2_Config	8	static
../Core/Src/main.c:197:6:NVIC_IRQn_Set	16	static
../Core/Src/main.c:201:6:TurretFire_Config	4	static
../Core/Src/main.c:206:6:SystemClock_Config	96	static
../Core/Src/main.c:249:6:Error_Handler	4	static,ignoring_inline_asm
