../Core/Src/main.c:68:5:main	16	static
../Core/Src/main.c:113:8:MPU9250_Config	32	static
../Core/Src/main.c:136:8:I2C_BurstRead	40	static
../Core/Src/main.c:157:8:I2C_Read	24	static
../Core/Src/main.c:191:8:I2C_Write	24	static
../Core/Src/main.c:223:6:ClearBuffer	24	static
../Core/Src/main.c:231:6:ClearStuckI2CBus	16	static
../Core/Src/main.c:237:6:USART2_TX	16	static
../Core/Src/main.c:241:6:USART2_IRQHandler	8	static
../Core/Src/main.c:277:6:TurretUp	4	static
../Core/Src/main.c:281:6:TurretDown	4	static
../Core/Src/main.c:285:6:TurretLeft	4	static
../Core/Src/main.c:289:6:TurretRight	4	static
../Core/Src/main.c:293:6:TurretUpDownDoNothing	4	static
../Core/Src/main.c:296:6:TurretLeftRightDoNothing	4	static
../Core/Src/main.c:299:6:TurretFire	4	static
../Core/Src/main.c:302:6:TurretFireDoNothing	4	static
../Core/Src/main.c:306:6:TurretMotors_Config	4	static
../Core/Src/main.c:375:6:USART2_Config	8	static
../Core/Src/main.c:409:6:NVIC_SetIRQ	16	static
../Core/Src/main.c:413:6:TurretFire_Config	4	static
../Core/Src/main.c:418:6:I2C1_Config	8	static
../Core/Src/main.c:466:6:DMA1_Config	8	static
../Core/Src/main.c:504:6:TurnSystemOff	4	static
../Core/Src/main.c:511:6:SystemClock_Config	96	static
../Core/Src/main.c:554:6:Error_Handler	4	static,ignoring_inline_asm
