../Core/Src/main.c:68:5:main	16	static
../Core/Src/main.c:92:8:MPU9250_Config	32	static
../Core/Src/main.c:115:8:I2C_BurstRead	32	static
../Core/Src/main.c:133:8:I2C_Read	24	static
../Core/Src/main.c:167:8:I2C_Write	24	static
../Core/Src/main.c:199:6:ClearBuffer	24	static
../Core/Src/main.c:207:6:ClearStuckI2CBus	16	static
../Core/Src/main.c:213:6:USART2_TX	16	static
../Core/Src/main.c:217:6:USART2_IRQHandler	8	static
../Core/Src/main.c:251:6:TurretUp	4	static
../Core/Src/main.c:255:6:TurretDown	4	static
../Core/Src/main.c:259:6:TurretLeft	4	static
../Core/Src/main.c:263:6:TurretRight	4	static
../Core/Src/main.c:267:6:TurretUpDownDoNothing	4	static
../Core/Src/main.c:270:6:TurretLeftRightDoNothing	4	static
../Core/Src/main.c:273:6:TurretFire	4	static
../Core/Src/main.c:276:6:TurretFireDoNothing	4	static
../Core/Src/main.c:280:6:TurretMotors_Config	4	static
../Core/Src/main.c:349:6:USART2_Config	8	static
../Core/Src/main.c:383:6:NVIC_SetIRQ	16	static
../Core/Src/main.c:387:6:TurretFire_Config	4	static
../Core/Src/main.c:392:6:I2C1_Config	8	static
../Core/Src/main.c:440:6:DMA1_Config	8	static
../Core/Src/main.c:478:6:TurnSystemOff	4	static
../Core/Src/main.c:485:6:SystemClock_Config	96	static
../Core/Src/main.c:528:6:Error_Handler	4	static,ignoring_inline_asm
