../Core/Src/main.c:26:5:main	8	static
../Core/Src/main.c:35:6:USART2_IRQHandler	16	static
../Core/Src/main.c:67:6:TurretUp	4	static
../Core/Src/main.c:71:6:TurretDown	4	static
../Core/Src/main.c:75:6:TurretLeft	4	static
../Core/Src/main.c:79:6:TurretRight	4	static
../Core/Src/main.c:83:6:TurretUpDownDoNothing	4	static
../Core/Src/main.c:86:6:TurretLeftRightDoNothing	4	static
../Core/Src/main.c:89:6:TurretFire	4	static
../Core/Src/main.c:92:6:TurretFireDoNothing	4	static
../Core/Src/main.c:96:6:TurretMotors_Config	4	static
../Core/Src/main.c:166:6:USART2_Config	8	static
../Core/Src/main.c:196:6:NVIC_IRQn_Set	16	static
../Core/Src/main.c:200:6:TurretFire_Config	4	static
../Core/Src/main.c:206:6:I2C1_Config	4	static
../Core/Src/main.c:239:6:SystemClock_Config	96	static
../Core/Src/main.c:282:6:Error_Handler	4	static,ignoring_inline_asm
