../Core/Src/main.c:21:5:main	8	static
../Core/Src/main.c:33:6:USART2_IRQHandler	16	static
../Core/Src/main.c:56:6:TurretUp	4	static
../Core/Src/main.c:61:6:TurretDown	4	static
../Core/Src/main.c:66:6:TurretLeft	4	static
../Core/Src/main.c:70:6:TurretRight	4	static
../Core/Src/main.c:74:6:TurretDoNothing	4	static
../Core/Src/main.c:79:6:TurretMotors_Config	4	static
../Core/Src/main.c:147:6:USART2_Config	8	static
../Core/Src/main.c:177:6:NVIC_IRQn_Set	16	static
../Core/Src/main.c:181:6:SystemClock_Config	96	static
../Core/Src/main.c:224:6:Error_Handler	4	static,ignoring_inline_asm
