../Core/Src/main.c:75:5:main	16	static
../Core/Src/main.c:101:6:usartTest	16	static
../Core/Src/main.c:120:8:MPU9250_Config	32	static
../Core/Src/main.c:146:8:I2C_BurstRead	40	static
../Core/Src/main.c:167:8:I2C_Read	24	static
../Core/Src/main.c:201:8:I2C_Write	32	static
../Core/Src/main.c:236:6:ClearBuffer	24	static
../Core/Src/main.c:244:6:wait	16	static
../Core/Src/main.c:262:6:ClearStuckI2CBus	16	static
../Core/Src/main.c:268:6:USART2_TX	16	static
../Core/Src/main.c:272:6:USART2_IRQHandler	8	static
../Core/Src/main.c:310:6:TurretUp	4	static
../Core/Src/main.c:314:6:TurretDown	4	static
../Core/Src/main.c:318:6:TurretLeft	4	static
../Core/Src/main.c:322:6:TurretRight	4	static
../Core/Src/main.c:326:6:TurretUpDownDoNothing	4	static
../Core/Src/main.c:329:6:TurretLeftRightDoNothing	4	static
../Core/Src/main.c:332:6:TurretFire	4	static
../Core/Src/main.c:335:6:TurretFireDoNothing	4	static
../Core/Src/main.c:339:6:TurretMotors_Config	4	static
../Core/Src/main.c:404:6:USART2_Config	8	static
../Core/Src/main.c:439:6:NVIC_SetIRQ	16	static
../Core/Src/main.c:443:6:TurretFire_Config	4	static
../Core/Src/main.c:448:6:I2C1_Config	8	static
../Core/Src/main.c:496:6:DMA1_Config	8	static
../Core/Src/main.c:534:6:MPU9250EXTI_Config	8	static
../Core/Src/main.c:551:6:SystemClock_Config	96	static
../Core/Src/main.c:594:6:Error_Handler	4	static,ignoring_inline_asm
