../Core/Src/main.c:15:5:main	8	static
../Core/Src/main.c:27:6:USART2_IRQHandler	16	static
../Core/Src/main.c:43:6:TurretLeft	4	static
../Core/Src/main.c:48:6:TurretRight	4	static
../Core/Src/main.c:53:6:TurretDoNothing	4	static
../Core/Src/main.c:57:6:TurretMotors_Config	4	static
../Core/Src/main.c:101:6:USART2_Config	8	static
../Core/Src/main.c:131:6:NVIC_IRQn_Set	16	static
../Core/Src/main.c:135:6:SystemClock_Config	96	static
../Core/Src/main.c:178:6:Error_Handler	4	static,ignoring_inline_asm
