../Core/Src/main.c:21:5:main	8	static
../Core/Src/main.c:33:6:USART2_IRQHandler	16	static
../Core/Src/main.c:55:6:TurretUp	4	static
../Core/Src/main.c:60:6:TurretDown	4	static
../Core/Src/main.c:65:6:TurretLeft	4	static
../Core/Src/main.c:69:6:TurretRight	4	static
../Core/Src/main.c:73:6:TurretDoNothing	4	static
../Core/Src/main.c:77:6:TurretMotors_Config	4	static
../Core/Src/main.c:140:6:USART2_Config	8	static
../Core/Src/main.c:170:6:NVIC_IRQn_Set	16	static
../Core/Src/main.c:174:6:SystemClock_Config	96	static
../Core/Src/main.c:217:6:Error_Handler	4	static,ignoring_inline_asm
