../Drivers/CMSIS/Include/core_cm4.h:1679:22:__NVIC_EnableIRQ	16	static,ignoring_inline_asm
../Core/Src/main.c:67:5:main	16	static
../Core/Src/main.c:89:6:ClearBuffer	24	static
../Core/Src/main.c:97:8:MPU9250_Config	32	static
../Core/Src/main.c:115:8:I2C_BurstRead	32	static
../Core/Src/main.c:127:8:I2C_Read	32	static
../Core/Src/main.c:165:8:I2C_Write	32	static
../Core/Src/main.c:197:6:USART2_IRQHandler	8	static
../Core/Src/main.c:229:6:TurretUp	4	static
../Core/Src/main.c:233:6:TurretDown	4	static
../Core/Src/main.c:237:6:TurretLeft	4	static
../Core/Src/main.c:241:6:TurretRight	4	static
../Core/Src/main.c:245:6:TurretUpDownDoNothing	4	static
../Core/Src/main.c:248:6:TurretLeftRightDoNothing	4	static
../Core/Src/main.c:251:6:TurretFire	4	static
../Core/Src/main.c:254:6:TurretFireDoNothing	4	static
../Core/Src/main.c:258:6:TurretMotors_Config	4	static
../Core/Src/main.c:327:6:USART2_Config	8	static
../Core/Src/main.c:357:6:NVIC_SetIRQ	16	static
../Core/Src/main.c:361:6:TurretFire_Config	4	static
../Core/Src/main.c:366:6:I2C1_Config	4	static
../Core/Src/main.c:409:6:DMA1_Config	8	static
../Core/Src/main.c:445:6:TurnSystemOff	4	static
../Core/Src/main.c:452:6:SystemClock_Config	96	static
../Core/Src/main.c:495:6:Error_Handler	4	static,ignoring_inline_asm
