../Drivers/CMSIS/Include/core_cm4.h:1679:22:__NVIC_EnableIRQ	16	static,ignoring_inline_asm
../Core/Src/main.c:61:5:main	8	static
../Core/Src/main.c:74:6:ResetBuffer	24	static
../Core/Src/main.c:80:8:MPU9250_Config	32	static
../Core/Src/main.c:93:6:I2C_Read	16	static
../Core/Src/main.c:101:8:I2C_Write	32	static
../Core/Src/main.c:133:6:I2C_BurstRead	4	static
../Core/Src/main.c:137:6:USART2_IRQHandler	8	static
../Core/Src/main.c:169:6:TurretUp	4	static
../Core/Src/main.c:173:6:TurretDown	4	static
../Core/Src/main.c:177:6:TurretLeft	4	static
../Core/Src/main.c:181:6:TurretRight	4	static
../Core/Src/main.c:185:6:TurretUpDownDoNothing	4	static
../Core/Src/main.c:188:6:TurretLeftRightDoNothing	4	static
../Core/Src/main.c:191:6:TurretFire	4	static
../Core/Src/main.c:194:6:TurretFireDoNothing	4	static
../Core/Src/main.c:198:6:TurretMotors_Config	4	static
../Core/Src/main.c:267:6:USART2_Config	8	static
../Core/Src/main.c:297:6:NVIC_SetIRQ	16	static
../Core/Src/main.c:301:6:TurretFire_Config	4	static
../Core/Src/main.c:306:6:I2C1_Config	4	static
../Core/Src/main.c:349:6:DMA1_Config	8	static
../Core/Src/main.c:377:6:TurnSystemOff	4	static
../Core/Src/main.c:384:6:SystemClock_Config	96	static
../Core/Src/main.c:427:6:Error_Handler	4	static,ignoring_inline_asm
