../Core/Src/main.c:20:5:main	8	static
../Core/Src/main.c:34:6:USART_ReadTranslate	16	static
../Core/Src/main.c:49:6:TurretLeft	4	static
../Core/Src/main.c:54:6:TurretRight	4	static
../Core/Src/main.c:59:6:TurretDoNothing	4	static
../Core/Src/main.c:63:6:TurretMotors_Config	4	static
../Core/Src/main.c:106:6:USART2_Config	8	static
../Core/Src/main.c:136:6:NVIC_IRQn_Set	16	static
../Core/Src/main.c:140:6:SystemClock_Config	96	static
../Core/Src/main.c:188:6:Error_Handler	4	static,ignoring_inline_asm
