../Core/Src/main.c:23:5:main	8	static
../Core/Src/main.c:35:6:USART2_IRQHandler	16	static
../Core/Src/main.c:61:6:TurretUp	4	static
../Core/Src/main.c:66:6:TurretDown	4	static
../Core/Src/main.c:71:6:TurretLeft	4	static
../Core/Src/main.c:75:6:TurretRight	4	static
../Core/Src/main.c:79:6:TurretUpDownDoNothing	4	static
../Core/Src/main.c:83:6:TurretLeftRightDoNothing	4	static
../Core/Src/main.c:87:6:TurretMotors_Config	4	static
../Core/Src/main.c:155:6:USART2_Config	8	static
../Core/Src/main.c:185:6:NVIC_IRQn_Set	16	static
../Core/Src/main.c:189:6:SystemClock_Config	96	static
../Core/Src/main.c:232:6:Error_Handler	4	static,ignoring_inline_asm
