../Drivers/CMSIS/Include/core_cm4.h:1679:22:__NVIC_EnableIRQ	16	static,ignoring_inline_asm
../Core/Src/main.c:60:5:main	16	static
../Core/Src/main.c:75:8:I2C_Sensor_Wake	32	static
../Core/Src/main.c:84:8:MPU9250_Config	16	static
../Core/Src/main.c:91:6:I2C_Read	16	static
../Core/Src/main.c:99:8:I2C_Write	32	static
../Core/Src/main.c:130:6:I2C_BurstRead	4	static
../Core/Src/main.c:134:6:USART2_IRQHandler	8	static
../Core/Src/main.c:166:6:TurretUp	4	static
../Core/Src/main.c:170:6:TurretDown	4	static
../Core/Src/main.c:174:6:TurretLeft	4	static
../Core/Src/main.c:178:6:TurretRight	4	static
../Core/Src/main.c:182:6:TurretUpDownDoNothing	4	static
../Core/Src/main.c:185:6:TurretLeftRightDoNothing	4	static
../Core/Src/main.c:188:6:TurretFire	4	static
../Core/Src/main.c:191:6:TurretFireDoNothing	4	static
../Core/Src/main.c:195:6:TurretMotors_Config	4	static
../Core/Src/main.c:264:6:USART2_Config	8	static
../Core/Src/main.c:294:6:NVIC_SetIRQ	16	static
../Core/Src/main.c:298:6:TurretFire_Config	4	static
../Core/Src/main.c:303:6:I2C1_Config	4	static
../Core/Src/main.c:346:6:DMA1_Config	8	static
../Core/Src/main.c:373:6:TurnSystemOff	4	static
../Core/Src/main.c:380:6:SystemClock_Config	96	static
../Core/Src/main.c:423:6:Error_Handler	4	static,ignoring_inline_asm
