../Core/Src/main.c:67:5:main	16	static
../Core/Src/main.c:91:8:MPU9250_Config	32	static
../Core/Src/main.c:114:8:I2C_BurstRead	32	static
../Core/Src/main.c:130:8:I2C_Read	24	static
../Core/Src/main.c:164:8:I2C_Write	24	static
../Core/Src/main.c:196:6:ClearBuffer	24	static
../Core/Src/main.c:204:6:ClearStuckI2CBus	16	static
../Core/Src/main.c:210:6:USART2_IRQHandler	8	static
../Core/Src/main.c:242:6:TurretUp	4	static
../Core/Src/main.c:246:6:TurretDown	4	static
../Core/Src/main.c:250:6:TurretLeft	4	static
../Core/Src/main.c:254:6:TurretRight	4	static
../Core/Src/main.c:258:6:TurretUpDownDoNothing	4	static
../Core/Src/main.c:261:6:TurretLeftRightDoNothing	4	static
../Core/Src/main.c:264:6:TurretFire	4	static
../Core/Src/main.c:267:6:TurretFireDoNothing	4	static
../Core/Src/main.c:271:6:TurretMotors_Config	4	static
../Core/Src/main.c:340:6:USART2_Config	8	static
../Core/Src/main.c:370:6:NVIC_SetIRQ	16	static
../Core/Src/main.c:374:6:TurretFire_Config	4	static
../Core/Src/main.c:379:6:I2C1_Config	8	static
../Core/Src/main.c:427:6:DMA1_Config	8	static
../Core/Src/main.c:465:6:TurnSystemOff	4	static
../Core/Src/main.c:472:6:SystemClock_Config	96	static
../Core/Src/main.c:515:6:Error_Handler	4	static,ignoring_inline_asm
