../Core/Src/main.c:71:6:usartTest	16	static
../Core/Src/main.c:106:5:main	8	static
../Core/Src/main.c:137:8:MPU9250_Config	32	static
../Core/Src/main.c:160:8:I2C_BurstRead	40	static
../Core/Src/main.c:181:8:I2C_Read	24	static
../Core/Src/main.c:215:8:I2C_Write	24	static
../Core/Src/main.c:247:6:ClearBuffer	24	static
../Core/Src/main.c:255:6:wait	16	static
../Core/Src/main.c:259:6:ClearStuckI2CBus	16	static
../Core/Src/main.c:265:6:USART2_TX	16	static
../Core/Src/main.c:269:6:USART2_IRQHandler	8	static
../Core/Src/main.c:307:6:TurretUp	4	static
../Core/Src/main.c:311:6:TurretDown	4	static
../Core/Src/main.c:315:6:TurretLeft	4	static
../Core/Src/main.c:319:6:TurretRight	4	static
../Core/Src/main.c:323:6:TurretUpDownDoNothing	4	static
../Core/Src/main.c:326:6:TurretLeftRightDoNothing	4	static
../Core/Src/main.c:329:6:TurretFire	4	static
../Core/Src/main.c:332:6:TurretFireDoNothing	4	static
../Core/Src/main.c:336:6:TurretMotors_Config	4	static
../Core/Src/main.c:401:6:USART2_Config	8	static
../Core/Src/main.c:436:6:NVIC_SetIRQ	16	static
../Core/Src/main.c:440:6:TurretFire_Config	4	static
../Core/Src/main.c:445:6:I2C1_Config	8	static
../Core/Src/main.c:493:6:DMA1_Config	8	static
../Core/Src/main.c:531:6:TurnSystemOff	4	static
../Core/Src/main.c:538:6:SystemClock_Config	96	static
../Core/Src/main.c:581:6:Error_Handler	4	static,ignoring_inline_asm
