../Drivers/CMSIS/Include/core_cm4.h:1679:22:__NVIC_EnableIRQ	16	static,ignoring_inline_asm
../Core/Src/main.c:57:5:main	24	static
../Core/Src/main.c:80:8:I2C_Sensor_Wake	24	static
../Core/Src/main.c:95:6:I2C_Read	16	static
../Core/Src/main.c:103:6:I2C_Write	16	static
../Core/Src/main.c:118:6:I2C_BurstRead	4	static
../Core/Src/main.c:122:6:USART2_IRQHandler	8	static
../Core/Src/main.c:154:6:TurretUp	4	static
../Core/Src/main.c:158:6:TurretDown	4	static
../Core/Src/main.c:162:6:TurretLeft	4	static
../Core/Src/main.c:166:6:TurretRight	4	static
../Core/Src/main.c:170:6:TurretUpDownDoNothing	4	static
../Core/Src/main.c:173:6:TurretLeftRightDoNothing	4	static
../Core/Src/main.c:176:6:TurretFire	4	static
../Core/Src/main.c:179:6:TurretFireDoNothing	4	static
../Core/Src/main.c:183:6:TurretMotors_Config	4	static
../Core/Src/main.c:252:6:USART2_Config	8	static
../Core/Src/main.c:282:6:NVIC_SetIRQ	16	static
../Core/Src/main.c:286:6:TurretFire_Config	4	static
../Core/Src/main.c:291:6:I2C1_Config	4	static
../Core/Src/main.c:334:6:DMA1_Config	8	static
../Core/Src/main.c:365:6:SystemClock_Config	96	static
../Core/Src/main.c:408:6:Error_Handler	4	static,ignoring_inline_asm
