../Drivers/CMSIS/Include/core_cm4.h:1679:22:__NVIC_EnableIRQ	16	static,ignoring_inline_asm
../Core/Src/main.c:67:5:main	16	static
../Core/Src/main.c:90:6:ClearBuffer	24	static
../Core/Src/main.c:98:8:MPU9250_Config	32	static
../Core/Src/main.c:119:8:I2C_BurstRead	32	static
../Core/Src/main.c:134:8:I2C_Read	32	static
../Core/Src/main.c:169:8:I2C_Write	32	static
../Core/Src/main.c:201:6:USART2_IRQHandler	8	static
../Core/Src/main.c:233:6:TurretUp	4	static
../Core/Src/main.c:237:6:TurretDown	4	static
../Core/Src/main.c:241:6:TurretLeft	4	static
../Core/Src/main.c:245:6:TurretRight	4	static
../Core/Src/main.c:249:6:TurretUpDownDoNothing	4	static
../Core/Src/main.c:252:6:TurretLeftRightDoNothing	4	static
../Core/Src/main.c:255:6:TurretFire	4	static
../Core/Src/main.c:258:6:TurretFireDoNothing	4	static
../Core/Src/main.c:262:6:TurretMotors_Config	4	static
../Core/Src/main.c:331:6:USART2_Config	8	static
../Core/Src/main.c:361:6:NVIC_SetIRQ	16	static
../Core/Src/main.c:365:6:TurretFire_Config	4	static
../Core/Src/main.c:370:6:I2C1_Config	4	static
../Core/Src/main.c:415:6:DMA1_Config	8	static
../Core/Src/main.c:450:6:TurnSystemOff	4	static
../Core/Src/main.c:457:6:SystemClock_Config	96	static
../Core/Src/main.c:500:6:Error_Handler	4	static,ignoring_inline_asm
