../Core/Src/main.c:68:5:main	16	static
../Core/Src/main.c:92:8:MPU9250_Config	32	static
../Core/Src/main.c:115:8:I2C_BurstRead	40	static
../Core/Src/main.c:136:8:I2C_Read	24	static
../Core/Src/main.c:170:8:I2C_Write	24	static
../Core/Src/main.c:202:6:ClearBuffer	24	static
../Core/Src/main.c:210:6:ClearStuckI2CBus	16	static
../Core/Src/main.c:216:6:USART2_TX	16	static
../Core/Src/main.c:220:6:USART2_IRQHandler	8	static
../Core/Src/main.c:254:6:TurretUp	4	static
../Core/Src/main.c:258:6:TurretDown	4	static
../Core/Src/main.c:262:6:TurretLeft	4	static
../Core/Src/main.c:266:6:TurretRight	4	static
../Core/Src/main.c:270:6:TurretUpDownDoNothing	4	static
../Core/Src/main.c:273:6:TurretLeftRightDoNothing	4	static
../Core/Src/main.c:276:6:TurretFire	4	static
../Core/Src/main.c:279:6:TurretFireDoNothing	4	static
../Core/Src/main.c:283:6:TurretMotors_Config	4	static
../Core/Src/main.c:352:6:USART2_Config	8	static
../Core/Src/main.c:386:6:NVIC_SetIRQ	16	static
../Core/Src/main.c:390:6:TurretFire_Config	4	static
../Core/Src/main.c:395:6:I2C1_Config	8	static
../Core/Src/main.c:443:6:DMA1_Config	8	static
../Core/Src/main.c:481:6:TurnSystemOff	4	static
../Core/Src/main.c:488:6:SystemClock_Config	96	static
../Core/Src/main.c:531:6:Error_Handler	4	static,ignoring_inline_asm
