../Core/Src/main.c:20:5:main	8	static
../Core/Src/main.c:32:6:USART2_IRQHandler	16	static
../Core/Src/main.c:48:6:TurretLeft	4	static
../Core/Src/main.c:53:6:TurretRight	4	static
../Core/Src/main.c:58:6:TurretDoNothing	4	static
../Core/Src/main.c:62:6:TurretMotors_Config	4	static
../Core/Src/main.c:105:6:USART2_Config	8	static
../Core/Src/main.c:135:6:NVIC_IRQn_Set	16	static
../Core/Src/main.c:139:6:SystemClock_Config	96	static
../Core/Src/main.c:187:6:Error_Handler	4	static,ignoring_inline_asm
