../Drivers/CMSIS/Include/core_cm4.h:1679:22:__NVIC_EnableIRQ	16	static,ignoring_inline_asm
../Core/Src/main.c:60:5:main	16	static
../Core/Src/main.c:73:6:ResetBuffer	24	static
../Core/Src/main.c:81:8:MPU9250_Config	32	static
../Core/Src/main.c:99:6:I2C_Read	24	static
../Core/Src/main.c:107:8:I2C_Write	32	static
../Core/Src/main.c:139:6:I2C_BurstRead	4	static
../Core/Src/main.c:143:6:USART2_IRQHandler	8	static
../Core/Src/main.c:175:6:TurretUp	4	static
../Core/Src/main.c:179:6:TurretDown	4	static
../Core/Src/main.c:183:6:TurretLeft	4	static
../Core/Src/main.c:187:6:TurretRight	4	static
../Core/Src/main.c:191:6:TurretUpDownDoNothing	4	static
../Core/Src/main.c:194:6:TurretLeftRightDoNothing	4	static
../Core/Src/main.c:197:6:TurretFire	4	static
../Core/Src/main.c:200:6:TurretFireDoNothing	4	static
../Core/Src/main.c:204:6:TurretMotors_Config	4	static
../Core/Src/main.c:273:6:USART2_Config	8	static
../Core/Src/main.c:303:6:NVIC_SetIRQ	16	static
../Core/Src/main.c:307:6:TurretFire_Config	4	static
../Core/Src/main.c:312:6:I2C1_Config	4	static
../Core/Src/main.c:355:6:DMA1_Config	8	static
../Core/Src/main.c:383:6:TurnSystemOff	4	static
../Core/Src/main.c:390:6:SystemClock_Config	96	static
../Core/Src/main.c:433:6:Error_Handler	4	static,ignoring_inline_asm
